Topic: guns — politics=['liberal', 'conservative'], generating 20 essay quads per orientation (in parallel) ...
Topic: abortion — politics=['liberal', 'conservative'], generating 20 essay quads per orientation (in parallel) ...
  [guns / liberal] Generating pool of 15 points ...
  [guns / conservative] Generating pool of 15 points ...
  [abortion / liberal] Generating pool of 15 points ...
  [abortion / conservative] Generating pool of 15 points ...
  [guns / conservative] Got 15 points in pool.
  [guns / conservative] Quad 1/20: Generating conf=high/brash=high essay ...
  [guns / conservative] Quad 1/20: Generating conf=high/brash=low essay ...
  [guns / conservative] Quad 1/20: Generating conf=low/brash=high essay ...
  [guns / conservative] Quad 1/20: Generating conf=low/brash=low essay ...
  [guns / conservative] Quad 2/20: Generating conf=high/brash=high essay ...
  [guns / conservative] Quad 2/20: Generating conf=high/brash=low essay ...
  [guns / conservative] Quad 2/20: Generating conf=low/brash=high essay ...
  [guns / conservative] Quad 2/20: Generating conf=low/brash=low essay ...
  [guns / conservative] Quad 3/20: Generating conf=high/brash=high essay ...
  [guns / conservative] Quad 3/20: Generating conf=high/brash=low essay ...
  [guns / conservative] Quad 3/20: Generating conf=low/brash=high essay ...
  [guns / conservative] Quad 3/20: Generating conf=low/brash=low essay ...
  [guns / conservative] Quad 4/20: Generating conf=high/brash=high essay ...
  [guns / conservative] Quad 4/20: Generating conf=high/brash=low essay ...
  [guns / conservative] Quad 4/20: Generating conf=low/brash=high essay ...
  [guns / conservative] Quad 4/20: Generating conf=low/brash=low essay ...
  [guns / conservative] Quad 5/20: Generating conf=high/brash=high essay ...
  [guns / conservative] Quad 5/20: Generating conf=high/brash=low essay ...
  [guns / conservative] Quad 5/20: Generating conf=low/brash=high essay ...
  [guns / conservative] Quad 5/20: Generating conf=low/brash=low essay ...
  [guns / conservative] Quad 6/20: Generating conf=high/brash=high essay ...
  [guns / conservative] Quad 6/20: Generating conf=high/brash=low essay ...
  [guns / conservative] Quad 6/20: Generating conf=low/brash=high essay ...
  [guns / conservative] Quad 6/20: Generating conf=low/brash=low essay ...
  [guns / conservative] Quad 7/20: Generating conf=high/brash=high essay ...
  [guns / conservative] Quad 7/20: Generating conf=high/brash=low essay ...
  [guns / conservative] Quad 7/20: Generating conf=low/brash=high essay ...
  [guns / conservative] Quad 7/20: Generating conf=low/brash=low essay ...
  [guns / conservative] Quad 8/20: Generating conf=high/brash=high essay ...
  [guns / conservative] Quad 8/20: Generating conf=high/brash=low essay ...
  [guns / conservative] Quad 8/20: Generating conf=low/brash=high essay ...
  [guns / conservative] Quad 8/20: Generating conf=low/brash=low essay ...
  [guns / conservative] Quad 9/20: Generating conf=high/brash=high essay ...
  [guns / conservative] Quad 9/20: Generating conf=high/brash=low essay ...
  [guns / conservative] Quad 9/20: Generating conf=low/brash=high essay ...
  [guns / conservative] Quad 9/20: Generating conf=low/brash=low essay ...
  [guns / conservative] Quad 10/20: Generating conf=high/brash=high essay ...
  [guns / conservative] Quad 10/20: Generating conf=high/brash=low essay ...
  [guns / conservative] Quad 10/20: Generating conf=low/brash=high essay ...
  [guns / conservative] Quad 10/20: Generating conf=low/brash=low essay ...
  [guns / conservative] Quad 11/20: Generating conf=high/brash=high essay ...
  [guns / conservative] Quad 11/20: Generating conf=high/brash=low essay ...
  [guns / conservative] Quad 11/20: Generating conf=low/brash=high essay ...
  [guns / conservative] Quad 11/20: Generating conf=low/brash=low essay ...
  [guns / conservative] Quad 12/20: Generating conf=high/brash=high essay ...
  [guns / conservative] Quad 12/20: Generating conf=high/brash=low essay ...
  [guns / conservative] Quad 12/20: Generating conf=low/brash=high essay ...
  [guns / conservative] Quad 12/20: Generating conf=low/brash=low essay ...
  [guns / conservative] Quad 13/20: Generating conf=high/brash=high essay ...
  [guns / conservative] Quad 13/20: Generating conf=high/brash=low essay ...
  [guns / conservative] Quad 13/20: Generating conf=low/brash=high essay ...
  [guns / conservative] Quad 13/20: Generating conf=low/brash=low essay ...
  [guns / conservative] Quad 14/20: Generating conf=high/brash=high essay ...
  [guns / conservative] Quad 14/20: Generating conf=high/brash=low essay ...
  [guns / conservative] Quad 14/20: Generating conf=low/brash=high essay ...
  [guns / conservative] Quad 14/20: Generating conf=low/brash=low essay ...
  [guns / conservative] Quad 15/20: Generating conf=high/brash=high essay ...
  [guns / conservative] Quad 15/20: Generating conf=high/brash=low essay ...
  [guns / conservative] Quad 15/20: Generating conf=low/brash=high essay ...
  [guns / conservative] Quad 15/20: Generating conf=low/brash=low essay ...
  [guns / conservative] Quad 16/20: Generating conf=high/brash=high essay ...
  [guns / conservative] Quad 16/20: Generating conf=high/brash=low essay ...
  [guns / conservative] Quad 16/20: Generating conf=low/brash=high essay ...
  [guns / conservative] Quad 16/20: Generating conf=low/brash=low essay ...
  [guns / conservative] Quad 17/20: Generating conf=high/brash=high essay ...
  [guns / conservative] Quad 17/20: Generating conf=high/brash=low essay ...
  [guns / conservative] Quad 17/20: Generating conf=low/brash=high essay ...
  [guns / conservative] Quad 17/20: Generating conf=low/brash=low essay ...
  [guns / conservative] Quad 18/20: Generating conf=high/brash=high essay ...
  [guns / conservative] Quad 18/20: Generating conf=high/brash=low essay ...
  [guns / conservative] Quad 18/20: Generating conf=low/brash=high essay ...
  [guns / conservative] Quad 18/20: Generating conf=low/brash=low essay ...
  [guns / conservative] Quad 19/20: Generating conf=high/brash=high essay ...
  [guns / conservative] Quad 19/20: Generating conf=high/brash=low essay ...
  [guns / conservative] Quad 19/20: Generating conf=low/brash=high essay ...
  [guns / conservative] Quad 19/20: Generating conf=low/brash=low essay ...
  [guns / conservative] Quad 20/20: Generating conf=high/brash=high essay ...
  [guns / conservative] Quad 20/20: Generating conf=high/brash=low essay ...
  [guns / conservative] Quad 20/20: Generating conf=low/brash=high essay ...
  [guns / conservative] Quad 20/20: Generating conf=low/brash=low essay ...
  [guns / liberal] Got 15 points in pool.
  [guns / liberal] Quad 1/20: Generating conf=high/brash=high essay ...
  [guns / liberal] Quad 1/20: Generating conf=high/brash=low essay ...
  [guns / liberal] Quad 1/20: Generating conf=low/brash=high essay ...
  [guns / liberal] Quad 1/20: Generating conf=low/brash=low essay ...
  [guns / liberal] Quad 2/20: Generating conf=high/brash=high essay ...
  [guns / liberal] Quad 2/20: Generating conf=high/brash=low essay ...
  [guns / liberal] Quad 2/20: Generating conf=low/brash=high essay ...
  [guns / liberal] Quad 2/20: Generating conf=low/brash=low essay ...
  [guns / liberal] Quad 3/20: Generating conf=high/brash=high essay ...
  [guns / liberal] Quad 3/20: Generating conf=high/brash=low essay ...
  [guns / liberal] Quad 3/20: Generating conf=low/brash=high essay ...
  [guns / liberal] Quad 3/20: Generating conf=low/brash=low essay ...
  [guns / liberal] Quad 4/20: Generating conf=high/brash=high essay ...
  [guns / liberal] Quad 4/20: Generating conf=high/brash=low essay ...
  [guns / liberal] Quad 4/20: Generating conf=low/brash=high essay ...
  [guns / liberal] Quad 4/20: Generating conf=low/brash=low essay ...
  [guns / liberal] Quad 5/20: Generating conf=high/brash=high essay ...
  [guns / liberal] Quad 5/20: Generating conf=high/brash=low essay ...
  [guns / liberal] Quad 5/20: Generating conf=low/brash=high essay ...
  [guns / liberal] Quad 5/20: Generating conf=low/brash=low essay ...
  [guns / liberal] Quad 6/20: Generating conf=high/brash=high essay ...
  [guns / liberal] Quad 6/20: Generating conf=high/brash=low essay ...
  [guns / liberal] Quad 6/20: Generating conf=low/brash=high essay ...
  [guns / liberal] Quad 6/20: Generating conf=low/brash=low essay ...
  [guns / liberal] Quad 7/20: Generating conf=high/brash=high essay ...
  [guns / liberal] Quad 7/20: Generating conf=high/brash=low essay ...
  [guns / liberal] Quad 7/20: Generating conf=low/brash=high essay ...
  [guns / liberal] Quad 7/20: Generating conf=low/brash=low essay ...
  [guns / liberal] Quad 8/20: Generating conf=high/brash=high essay ...
  [guns / liberal] Quad 8/20: Generating conf=high/brash=low essay ...
  [guns / liberal] Quad 8/20: Generating conf=low/brash=high essay ...
  [guns / liberal] Quad 8/20: Generating conf=low/brash=low essay ...
  [guns / liberal] Quad 9/20: Generating conf=high/brash=high essay ...
  [guns / liberal] Quad 9/20: Generating conf=high/brash=low essay ...
  [guns / liberal] Quad 9/20: Generating conf=low/brash=high essay ...
  [guns / liberal] Quad 9/20: Generating conf=low/brash=low essay ...
  [guns / liberal] Quad 10/20: Generating conf=high/brash=high essay ...
  [guns / liberal] Quad 10/20: Generating conf=high/brash=low essay ...
  [guns / liberal] Quad 10/20: Generating conf=low/brash=high essay ...
  [guns / liberal] Quad 10/20: Generating conf=low/brash=low essay ...
  [guns / liberal] Quad 11/20: Generating conf=high/brash=high essay ...
  [guns / liberal] Quad 11/20: Generating conf=high/brash=low essay ...
  [guns / liberal] Quad 11/20: Generating conf=low/brash=high essay ...
  [guns / liberal] Quad 11/20: Generating conf=low/brash=low essay ...
  [guns / liberal] Quad 12/20: Generating conf=high/brash=high essay ...
  [guns / liberal] Quad 12/20: Generating conf=high/brash=low essay ...
  [guns / liberal] Quad 12/20: Generating conf=low/brash=high essay ...
  [guns / liberal] Quad 12/20: Generating conf=low/brash=low essay ...
  [guns / liberal] Quad 13/20: Generating conf=high/brash=high essay ...
  [guns / liberal] Quad 13/20: Generating conf=high/brash=low essay ...
  [guns / liberal] Quad 13/20: Generating conf=low/brash=high essay ...
  [guns / liberal] Quad 13/20: Generating conf=low/brash=low essay ...
  [guns / liberal] Quad 14/20: Generating conf=high/brash=high essay ...
  [guns / liberal] Quad 14/20: Generating conf=high/brash=low essay ...
  [guns / liberal] Quad 14/20: Generating conf=low/brash=high essay ...
  [guns / liberal] Quad 14/20: Generating conf=low/brash=low essay ...
  [guns / liberal] Quad 15/20: Generating conf=high/brash=high essay ...
  [guns / liberal] Quad 15/20: Generating conf=high/brash=low essay ...
  [guns / liberal] Quad 15/20: Generating conf=low/brash=high essay ...
  [guns / liberal] Quad 15/20: Generating conf=low/brash=low essay ...
  [guns / liberal] Quad 16/20: Generating conf=high/brash=high essay ...
  [guns / liberal] Quad 16/20: Generating conf=high/brash=low essay ...
  [guns / liberal] Quad 16/20: Generating conf=low/brash=high essay ...
  [guns / liberal] Quad 16/20: Generating conf=low/brash=low essay ...
  [guns / liberal] Quad 17/20: Generating conf=high/brash=high essay ...
  [guns / liberal] Quad 17/20: Generating conf=high/brash=low essay ...
  [guns / liberal] Quad 17/20: Generating conf=low/brash=high essay ...
  [guns / liberal] Quad 17/20: Generating conf=low/brash=low essay ...
  [guns / liberal] Quad 18/20: Generating conf=high/brash=high essay ...
  [guns / liberal] Quad 18/20: Generating conf=high/brash=low essay ...
  [guns / liberal] Quad 18/20: Generating conf=low/brash=high essay ...
  [guns / liberal] Quad 18/20: Generating conf=low/brash=low essay ...
  [guns / liberal] Quad 19/20: Generating conf=high/brash=high essay ...
  [guns / liberal] Quad 19/20: Generating conf=high/brash=low essay ...
  [guns / liberal] Quad 19/20: Generating conf=low/brash=high essay ...
  [guns / liberal] Quad 19/20: Generating conf=low/brash=low essay ...
  [guns / liberal] Quad 20/20: Generating conf=high/brash=high essay ...
  [guns / liberal] Quad 20/20: Generating conf=high/brash=low essay ...
  [guns / liberal] Quad 20/20: Generating conf=low/brash=high essay ...
  [guns / liberal] Quad 20/20: Generating conf=low/brash=low essay ...
  [abortion / liberal] Got 15 points in pool.
  [abortion / liberal] Quad 1/20: Generating conf=high/brash=high essay ...
  [abortion / liberal] Quad 1/20: Generating conf=high/brash=low essay ...
  [abortion / liberal] Quad 1/20: Generating conf=low/brash=high essay ...
  [abortion / liberal] Quad 1/20: Generating conf=low/brash=low essay ...
  [abortion / liberal] Quad 2/20: Generating conf=high/brash=high essay ...
  [abortion / liberal] Quad 2/20: Generating conf=high/brash=low essay ...
  [abortion / liberal] Quad 2/20: Generating conf=low/brash=high essay ...
  [abortion / liberal] Quad 2/20: Generating conf=low/brash=low essay ...
  [abortion / liberal] Quad 3/20: Generating conf=high/brash=high essay ...
  [abortion / liberal] Quad 3/20: Generating conf=high/brash=low essay ...
  [abortion / liberal] Quad 3/20: Generating conf=low/brash=high essay ...
  [abortion / liberal] Quad 3/20: Generating conf=low/brash=low essay ...
  [abortion / liberal] Quad 4/20: Generating conf=high/brash=high essay ...
  [abortion / liberal] Quad 4/20: Generating conf=high/brash=low essay ...
  [abortion / liberal] Quad 4/20: Generating conf=low/brash=high essay ...
  [abortion / liberal] Quad 4/20: Generating conf=low/brash=low essay ...
  [abortion / liberal] Quad 5/20: Generating conf=high/brash=high essay ...
  [abortion / liberal] Quad 5/20: Generating conf=high/brash=low essay ...
  [abortion / liberal] Quad 5/20: Generating conf=low/brash=high essay ...
  [abortion / liberal] Quad 5/20: Generating conf=low/brash=low essay ...
  [abortion / liberal] Quad 6/20: Generating conf=high/brash=high essay ...
  [abortion / liberal] Quad 6/20: Generating conf=high/brash=low essay ...
  [abortion / liberal] Quad 6/20: Generating conf=low/brash=high essay ...
  [abortion / liberal] Quad 6/20: Generating conf=low/brash=low essay ...
  [abortion / liberal] Quad 7/20: Generating conf=high/brash=high essay ...
  [abortion / liberal] Quad 7/20: Generating conf=high/brash=low essay ...
  [abortion / liberal] Quad 7/20: Generating conf=low/brash=high essay ...
  [abortion / liberal] Quad 7/20: Generating conf=low/brash=low essay ...
  [abortion / liberal] Quad 8/20: Generating conf=high/brash=high essay ...
  [abortion / liberal] Quad 8/20: Generating conf=high/brash=low essay ...
  [abortion / liberal] Quad 8/20: Generating conf=low/brash=high essay ...
  [abortion / liberal] Quad 8/20: Generating conf=low/brash=low essay ...
  [abortion / liberal] Quad 9/20: Generating conf=high/brash=high essay ...
  [abortion / liberal] Quad 9/20: Generating conf=high/brash=low essay ...
  [abortion / liberal] Quad 9/20: Generating conf=low/brash=high essay ...
  [abortion / liberal] Quad 9/20: Generating conf=low/brash=low essay ...
  [abortion / liberal] Quad 10/20: Generating conf=high/brash=high essay ...
  [abortion / liberal] Quad 10/20: Generating conf=high/brash=low essay ...
  [abortion / liberal] Quad 10/20: Generating conf=low/brash=high essay ...
  [abortion / liberal] Quad 10/20: Generating conf=low/brash=low essay ...
  [abortion / liberal] Quad 11/20: Generating conf=high/brash=high essay ...
  [abortion / liberal] Quad 11/20: Generating conf=high/brash=low essay ...
  [abortion / liberal] Quad 11/20: Generating conf=low/brash=high essay ...
  [abortion / liberal] Quad 11/20: Generating conf=low/brash=low essay ...
  [abortion / liberal] Quad 12/20: Generating conf=high/brash=high essay ...
  [abortion / liberal] Quad 12/20: Generating conf=high/brash=low essay ...
  [abortion / liberal] Quad 12/20: Generating conf=low/brash=high essay ...
  [abortion / liberal] Quad 12/20: Generating conf=low/brash=low essay ...
  [abortion / liberal] Quad 13/20: Generating conf=high/brash=high essay ...
  [abortion / liberal] Quad 13/20: Generating conf=high/brash=low essay ...
  [abortion / liberal] Quad 13/20: Generating conf=low/brash=high essay ...
  [abortion / liberal] Quad 13/20: Generating conf=low/brash=low essay ...
  [abortion / liberal] Quad 14/20: Generating conf=high/brash=high essay ...
  [abortion / liberal] Quad 14/20: Generating conf=high/brash=low essay ...
  [abortion / liberal] Quad 14/20: Generating conf=low/brash=high essay ...
  [abortion / liberal] Quad 14/20: Generating conf=low/brash=low essay ...
  [abortion / liberal] Quad 15/20: Generating conf=high/brash=high essay ...
  [abortion / liberal] Quad 15/20: Generating conf=high/brash=low essay ...
  [abortion / liberal] Quad 15/20: Generating conf=low/brash=high essay ...
  [abortion / liberal] Quad 15/20: Generating conf=low/brash=low essay ...
  [abortion / liberal] Quad 16/20: Generating conf=high/brash=high essay ...
  [abortion / liberal] Quad 16/20: Generating conf=high/brash=low essay ...
  [abortion / liberal] Quad 16/20: Generating conf=low/brash=high essay ...
  [abortion / liberal] Quad 16/20: Generating conf=low/brash=low essay ...
  [abortion / liberal] Quad 17/20: Generating conf=high/brash=high essay ...
  [abortion / liberal] Quad 17/20: Generating conf=high/brash=low essay ...
  [abortion / liberal] Quad 17/20: Generating conf=low/brash=high essay ...
  [abortion / liberal] Quad 17/20: Generating conf=low/brash=low essay ...
  [abortion / liberal] Quad 18/20: Generating conf=high/brash=high essay ...
  [abortion / liberal] Quad 18/20: Generating conf=high/brash=low essay ...
  [abortion / liberal] Quad 18/20: Generating conf=low/brash=high essay ...
  [abortion / liberal] Quad 18/20: Generating conf=low/brash=low essay ...
  [abortion / liberal] Quad 19/20: Generating conf=high/brash=high essay ...
  [abortion / liberal] Quad 19/20: Generating conf=high/brash=low essay ...
  [abortion / liberal] Quad 19/20: Generating conf=low/brash=high essay ...
  [abortion / liberal] Quad 19/20: Generating conf=low/brash=low essay ...
  [abortion / liberal] Quad 20/20: Generating conf=high/brash=high essay ...
  [abortion / liberal] Quad 20/20: Generating conf=high/brash=low essay ...
  [abortion / liberal] Quad 20/20: Generating conf=low/brash=high essay ...
  [abortion / liberal] Quad 20/20: Generating conf=low/brash=low essay ...
  [abortion / conservative] Got 15 points in pool.
  [abortion / conservative] Quad 1/20: Generating conf=high/brash=high essay ...
  [abortion / conservative] Quad 1/20: Generating conf=high/brash=low essay ...
  [abortion / conservative] Quad 1/20: Generating conf=low/brash=high essay ...
  [abortion / conservative] Quad 1/20: Generating conf=low/brash=low essay ...
  [abortion / conservative] Quad 2/20: Generating conf=high/brash=high essay ...
  [abortion / conservative] Quad 2/20: Generating conf=high/brash=low essay ...
  [abortion / conservative] Quad 2/20: Generating conf=low/brash=high essay ...
  [abortion / conservative] Quad 2/20: Generating conf=low/brash=low essay ...
  [abortion / conservative] Quad 3/20: Generating conf=high/brash=high essay ...
  [abortion / conservative] Quad 3/20: Generating conf=high/brash=low essay ...
  [abortion / conservative] Quad 3/20: Generating conf=low/brash=high essay ...
  [abortion / conservative] Quad 3/20: Generating conf=low/brash=low essay ...
  [abortion / conservative] Quad 4/20: Generating conf=high/brash=high essay ...
  [abortion / conservative] Quad 4/20: Generating conf=high/brash=low essay ...
  [abortion / conservative] Quad 4/20: Generating conf=low/brash=high essay ...
  [abortion / conservative] Quad 4/20: Generating conf=low/brash=low essay ...
  [abortion / conservative] Quad 5/20: Generating conf=high/brash=high essay ...
  [abortion / conservative] Quad 5/20: Generating conf=high/brash=low essay ...
  [abortion / conservative] Quad 5/20: Generating conf=low/brash=high essay ...
  [abortion / conservative] Quad 5/20: Generating conf=low/brash=low essay ...
  [abortion / conservative] Quad 6/20: Generating conf=high/brash=high essay ...
  [abortion / conservative] Quad 6/20: Generating conf=high/brash=low essay ...
  [abortion / conservative] Quad 6/20: Generating conf=low/brash=high essay ...
  [abortion / conservative] Quad 6/20: Generating conf=low/brash=low essay ...
  [abortion / conservative] Quad 7/20: Generating conf=high/brash=high essay ...
  [abortion / conservative] Quad 7/20: Generating conf=high/brash=low essay ...
  [abortion / conservative] Quad 7/20: Generating conf=low/brash=high essay ...
  [abortion / conservative] Quad 7/20: Generating conf=low/brash=low essay ...
  [abortion / conservative] Quad 8/20: Generating conf=high/brash=high essay ...
  [abortion / conservative] Quad 8/20: Generating conf=high/brash=low essay ...
  [abortion / conservative] Quad 8/20: Generating conf=low/brash=high essay ...
  [abortion / conservative] Quad 8/20: Generating conf=low/brash=low essay ...
  [abortion / conservative] Quad 9/20: Generating conf=high/brash=high essay ...
  [abortion / conservative] Quad 9/20: Generating conf=high/brash=low essay ...
  [abortion / conservative] Quad 9/20: Generating conf=low/brash=high essay ...
  [abortion / conservative] Quad 9/20: Generating conf=low/brash=low essay ...
  [abortion / conservative] Quad 10/20: Generating conf=high/brash=high essay ...
  [abortion / conservative] Quad 10/20: Generating conf=high/brash=low essay ...
  [abortion / conservative] Quad 10/20: Generating conf=low/brash=high essay ...
  [abortion / conservative] Quad 10/20: Generating conf=low/brash=low essay ...
  [abortion / conservative] Quad 11/20: Generating conf=high/brash=high essay ...
  [abortion / conservative] Quad 11/20: Generating conf=high/brash=low essay ...
  [abortion / conservative] Quad 11/20: Generating conf=low/brash=high essay ...
  [abortion / conservative] Quad 11/20: Generating conf=low/brash=low essay ...
  [abortion / conservative] Quad 12/20: Generating conf=high/brash=high essay ...
  [abortion / conservative] Quad 12/20: Generating conf=high/brash=low essay ...
  [abortion / conservative] Quad 12/20: Generating conf=low/brash=high essay ...
  [abortion / conservative] Quad 12/20: Generating conf=low/brash=low essay ...
  [abortion / conservative] Quad 13/20: Generating conf=high/brash=high essay ...
  [abortion / conservative] Quad 13/20: Generating conf=high/brash=low essay ...
  [abortion / conservative] Quad 13/20: Generating conf=low/brash=high essay ...
  [abortion / conservative] Quad 13/20: Generating conf=low/brash=low essay ...
  [abortion / conservative] Quad 14/20: Generating conf=high/brash=high essay ...
  [abortion / conservative] Quad 14/20: Generating conf=high/brash=low essay ...
  [abortion / conservative] Quad 14/20: Generating conf=low/brash=high essay ...
  [abortion / conservative] Quad 14/20: Generating conf=low/brash=low essay ...
  [abortion / conservative] Quad 15/20: Generating conf=high/brash=high essay ...
  [abortion / conservative] Quad 15/20: Generating conf=high/brash=low essay ...
  [abortion / conservative] Quad 15/20: Generating conf=low/brash=high essay ...
  [abortion / conservative] Quad 15/20: Generating conf=low/brash=low essay ...
  [abortion / conservative] Quad 16/20: Generating conf=high/brash=high essay ...
  [abortion / conservative] Quad 16/20: Generating conf=high/brash=low essay ...
  [abortion / conservative] Quad 16/20: Generating conf=low/brash=high essay ...
  [abortion / conservative] Quad 16/20: Generating conf=low/brash=low essay ...
  [abortion / conservative] Quad 17/20: Generating conf=high/brash=high essay ...
  [abortion / conservative] Quad 17/20: Generating conf=high/brash=low essay ...
  [abortion / conservative] Quad 17/20: Generating conf=low/brash=high essay ...
  [abortion / conservative] Quad 17/20: Generating conf=low/brash=low essay ...
  [abortion / conservative] Quad 18/20: Generating conf=high/brash=high essay ...
  [abortion / conservative] Quad 18/20: Generating conf=high/brash=low essay ...
  [abortion / conservative] Quad 18/20: Generating conf=low/brash=high essay ...
  [abortion / conservative] Quad 18/20: Generating conf=low/brash=low essay ...
  [abortion / conservative] Quad 19/20: Generating conf=high/brash=high essay ...
  [abortion / conservative] Quad 19/20: Generating conf=high/brash=low essay ...
  [abortion / conservative] Quad 19/20: Generating conf=low/brash=high essay ...
  [abortion / conservative] Quad 19/20: Generating conf=low/brash=low essay ...
  [abortion / conservative] Quad 20/20: Generating conf=high/brash=high essay ...
  [abortion / conservative] Quad 20/20: Generating conf=high/brash=low essay ...
  [abortion / conservative] Quad 20/20: Generating conf=low/brash=high essay ...
  [abortion / conservative] Quad 20/20: Generating conf=low/brash=low essay ...
[retry 1/5] RateLimitError — waiting 41s before retrying
[retry 1/5] RateLimitError — waiting 32s before retrying
[retry 1/5] RateLimitError — waiting 30s before retrying
[retry 1/5] RateLimitError — waiting 33s before retrying
[retry 1/5] RateLimitError — waiting 19s before retrying
[retry 1/5] RateLimitError — waiting 25s before retrying
[retry 1/5] RateLimitError — waiting 19s before retrying
[retry 1/5] RateLimitError — waiting 29s before retrying
[retry 1/5] RateLimitError — waiting 41s before retrying
[retry 1/5] RateLimitError — waiting 18s before retrying
[retry 1/5] RateLimitError — waiting 45s before retrying
[retry 1/5] RateLimitError — waiting 39s before retrying
[retry 1/5] RateLimitError — waiting 28s before retrying
[retry 1/5] RateLimitError — waiting 43s before retrying
[retry 1/5] RateLimitError — waiting 18s before retrying
[retry 1/5] RateLimitError — waiting 36s before retrying
[retry 1/5] RateLimitError — waiting 28s before retrying
[retry 1/5] RateLimitError — waiting 45s before retrying
[retry 1/5] RateLimitError — waiting 28s before retrying
[retry 1/5] RateLimitError — waiting 17s before retrying
[retry 1/5] RateLimitError — waiting 29s before retrying
[retry 1/5] RateLimitError — waiting 37s before retrying
[retry 1/5] RateLimitError — waiting 45s before retrying
[retry 1/5] RateLimitError — waiting 27s before retrying
[retry 1/5] RateLimitError — waiting 28s before retrying
[retry 1/5] RateLimitError — waiting 17s before retrying
[retry 1/5] RateLimitError — waiting 36s before retrying
[retry 1/5] RateLimitError — waiting 31s before retrying
[retry 1/5] RateLimitError — waiting 28s before retrying
[retry 1/5] RateLimitError — waiting 26s before retrying
[retry 1/5] RateLimitError — waiting 20s before retrying
[retry 1/5] RateLimitError — waiting 41s before retrying
[retry 1/5] RateLimitError — waiting 33s before retrying
[retry 1/5] RateLimitError — waiting 39s before retrying
[retry 1/5] RateLimitError — waiting 23s before retrying
[retry 1/5] RateLimitError — waiting 39s before retrying
[retry 1/5] RateLimitError — waiting 39s before retrying
[retry 1/5] RateLimitError — waiting 36s before retrying
[retry 1/5] RateLimitError — waiting 26s before retrying
[retry 1/5] RateLimitError — waiting 38s before retrying
[retry 1/5] RateLimitError — waiting 27s before retrying
[retry 1/5] RateLimitError — waiting 34s before retrying
[retry 1/5] RateLimitError — waiting 32s before retrying
[retry 1/5] RateLimitError — waiting 34s before retrying
[retry 1/5] RateLimitError — waiting 25s before retrying
[retry 1/5] RateLimitError — waiting 41s before retrying
[retry 1/5] RateLimitError — waiting 41s before retrying
[retry 1/5] RateLimitError — waiting 24s before retrying
[retry 1/5] RateLimitError — waiting 37s before retrying
[retry 1/5] RateLimitError — waiting 33s before retrying
[retry 1/5] RateLimitError — waiting 20s before retrying
[retry 1/5] RateLimitError — waiting 28s before retrying
[retry 1/5] RateLimitError — waiting 16s before retrying
[retry 1/5] RateLimitError — waiting 33s before retrying
[retry 1/5] RateLimitError — waiting 31s before retrying
[retry 1/5] RateLimitError — waiting 24s before retrying
[retry 1/5] RateLimitError — waiting 37s before retrying
[retry 1/5] RateLimitError — waiting 41s before retrying
[retry 1/5] RateLimitError — waiting 21s before retrying
[retry 1/5] RateLimitError — waiting 43s before retrying
[retry 1/5] RateLimitError — waiting 37s before retrying
[retry 1/5] RateLimitError — waiting 28s before retrying
[retry 1/5] RateLimitError — waiting 26s before retrying
[retry 1/5] RateLimitError — waiting 31s before retrying
[retry 1/5] RateLimitError — waiting 44s before retrying
[retry 1/5] RateLimitError — waiting 24s before retrying
[retry 1/5] RateLimitError — waiting 41s before retrying
[retry 1/5] RateLimitError — waiting 22s before retrying
[retry 1/5] RateLimitError — waiting 43s before retrying
[retry 1/5] RateLimitError — waiting 33s before retrying
[retry 1/5] RateLimitError — waiting 25s before retrying
[retry 2/5] RateLimitError — waiting 40s before retrying
[retry 2/5] RateLimitError — waiting 58s before retrying
[retry 2/5] RateLimitError — waiting 49s before retrying
[retry 2/5] RateLimitError — waiting 50s before retrying
[retry 2/5] RateLimitError — waiting 42s before retrying
[retry 2/5] RateLimitError — waiting 43s before retrying
[retry 2/5] RateLimitError — waiting 44s before retrying
[retry 2/5] RateLimitError — waiting 41s before retrying
[retry 2/5] RateLimitError — waiting 33s before retrying
[retry 2/5] RateLimitError — waiting 41s before retrying
[retry 2/5] RateLimitError — waiting 55s before retrying
[retry 2/5] RateLimitError — waiting 43s before retrying
[retry 2/5] RateLimitError — waiting 50s before retrying
[retry 2/5] RateLimitError — waiting 48s before retrying
[retry 2/5] RateLimitError — waiting 47s before retrying
[retry 2/5] RateLimitError — waiting 41s before retrying
[retry 2/5] RateLimitError — waiting 53s before retrying
[retry 2/5] RateLimitError — waiting 42s before retrying
[retry 2/5] RateLimitError — waiting 41s before retrying
[retry 2/5] RateLimitError — waiting 38s before retrying
[retry 2/5] RateLimitError — waiting 44s before retrying
[retry 2/5] RateLimitError — waiting 41s before retrying
[retry 2/5] RateLimitError — waiting 44s before retrying
[retry 2/5] RateLimitError — waiting 48s before retrying
[retry 2/5] RateLimitError — waiting 56s before retrying
[retry 2/5] RateLimitError — waiting 39s before retrying
[retry 2/5] RateLimitError — waiting 59s before retrying
[retry 2/5] RateLimitError — waiting 54s before retrying
[retry 2/5] RateLimitError — waiting 33s before retrying
[retry 2/5] RateLimitError — waiting 40s before retrying
[retry 2/5] RateLimitError — waiting 38s before retrying
[retry 2/5] RateLimitError — waiting 39s before retrying
[retry 2/5] RateLimitError — waiting 56s before retrying
[retry 2/5] RateLimitError — waiting 51s before retrying
[retry 2/5] RateLimitError — waiting 30s before retrying
[retry 2/5] RateLimitError — waiting 37s before retrying
[retry 2/5] RateLimitError — waiting 32s before retrying
[retry 2/5] RateLimitError — waiting 35s before retrying
[retry 3/5] RateLimitError — waiting 81s before retrying
[retry 3/5] RateLimitError — waiting 88s before retrying

Validation: 80 quads
  Confidence separation: 80/80 passed
  Brashness separation:  80/80 passed

--- Crossed manipulation check (mean markers per essay) ---
  cell (conf_brash)     boosters  hedges  brash
  low_low                    0.2     7.2    0.3
  low_high                   0.2     7.4    5.9
  high_low                   3.1     0.7    0.4
  high_high                  2.7     0.6    5.1
  [guns] -> 40 quads (2 orientations x 20 quads, each with 4 essays: confidence x brashness)
  [abortion] -> 40 quads (2 orientations x 20 quads, each with 4 essays: confidence x brashness)
Wrote to essays_final_2x2.json
